\BOOKMARK [1][]{section.1}{\376\377\000I\000n\000t\000r\000o\000d\000u\000c\000t\000i\000o\000n}{}% 1
\BOOKMARK [1][]{section.2}{\376\377\000R\000e\000l\000a\000t\000e\000d\000\040\000W\000o\000r\000k}{}% 2
\BOOKMARK [2][]{subsection.2.1}{\376\377\000T\000r\000a\000d\000i\000t\000i\000o\000n\000a\000l\000\040\000H\000a\000n\000d\000w\000r\000i\000t\000i\000n\000g\000\040\000V\000e\000r\000i\000f\000i\000c\000a\000t\000i\000o\000n}{section.2}% 3
\BOOKMARK [2][]{subsection.2.2}{\376\377\000D\000e\000e\000p\000\040\000L\000e\000a\000r\000n\000i\000n\000g\000\040\000f\000o\000r\000\040\000W\000r\000i\000t\000e\000r\000\040\000A\000n\000a\000l\000y\000s\000i\000s}{section.2}% 4
\BOOKMARK [2][]{subsection.2.3}{\376\377\000S\000i\000a\000m\000e\000s\000e\000\040\000N\000e\000t\000w\000o\000r\000k\000s\000\040\000a\000n\000d\000\040\000M\000e\000t\000r\000i\000c\000\040\000L\000e\000a\000r\000n\000i\000n\000g}{section.2}% 5
\BOOKMARK [2][]{subsection.2.4}{\376\377\000B\000a\000c\000k\000b\000o\000n\000e\000\040\000A\000r\000c\000h\000i\000t\000e\000c\000t\000u\000r\000e\000s\000\040\000a\000n\000d\000\040\000T\000r\000a\000n\000s\000f\000e\000r\000\040\000L\000e\000a\000r\000n\000i\000n\000g}{section.2}% 6
\BOOKMARK [2][]{subsection.2.5}{\376\377\000E\000v\000a\000l\000u\000a\000t\000i\000o\000n\000\040\000o\000f\000\040\000B\000i\000o\000m\000e\000t\000r\000i\000c\000\040\000V\000e\000r\000i\000f\000i\000c\000a\000t\000i\000o\000n}{section.2}% 7
\BOOKMARK [1][]{section.3}{\376\377\000M\000e\000t\000h\000o\000d\000o\000l\000o\000g\000y}{}% 8
\BOOKMARK [2][]{subsection.3.1}{\376\377\000P\000r\000o\000b\000l\000e\000m\000\040\000F\000o\000r\000m\000u\000l\000a\000t\000i\000o\000n}{section.3}% 9
\BOOKMARK [2][]{subsection.3.2}{\376\377\000A\000r\000c\000h\000i\000t\000e\000c\000t\000u\000r\000e\000\040\000O\000v\000e\000r\000v\000i\000e\000w}{section.3}% 10
\BOOKMARK [3][]{subsubsection.3.2.1}{\376\377\000B\000a\000c\000k\000b\000o\000n\000e\000\040\000E\000n\000c\000o\000d\000e\000r}{subsection.3.2}% 11
\BOOKMARK [3][]{subsubsection.3.2.2}{\376\377\000H\000e\000a\000d\000\040\000N\000e\000t\000w\000o\000r\000k\000s}{subsection.3.2}% 12
\BOOKMARK [4][]{section*.2}{\376\377\000S\000i\000m\000i\000l\000a\000r\000i\000t\000y\000\040\000\050\000D\000e\000c\000i\000s\000i\000o\000n\000\051\000\040\000H\000e\000a\000d\000\040\000f\000o\000r\000\040\000B\000C\000E\000\040\000M\000o\000d\000e\000l\000s}{subsubsection.3.2.2}% 13
\BOOKMARK [4][]{section*.3}{\376\377\000P\000r\000o\000j\000e\000c\000t\000i\000o\000n\000\040\000H\000e\000a\000d\000\040\000f\000o\000r\000\040\000C\000o\000n\000t\000r\000a\000s\000t\000i\000v\000e\000\040\000a\000n\000d\000\040\000T\000r\000i\000p\000l\000e\000t\000\040\000M\000o\000d\000e\000l\000s}{subsubsection.3.2.2}% 14
\BOOKMARK [2][]{subsection.3.3}{\376\377\000L\000o\000s\000s\000\040\000F\000u\000n\000c\000t\000i\000o\000n\000s}{section.3}% 15
\BOOKMARK [3][]{subsubsection.3.3.1}{\376\377\000B\000i\000n\000a\000r\000y\000\040\000C\000r\000o\000s\000s\000-\000E\000n\000t\000r\000o\000p\000y\000\040\000L\000o\000s\000s}{subsection.3.3}% 16
\BOOKMARK [3][]{subsubsection.3.3.2}{\376\377\000C\000o\000n\000t\000r\000a\000s\000t\000i\000v\000e\000\040\000L\000o\000s\000s}{subsection.3.3}% 17
\BOOKMARK [3][]{subsubsection.3.3.3}{\376\377\000T\000r\000i\000p\000l\000e\000t\000\040\000L\000o\000s\000s}{subsection.3.3}% 18
\BOOKMARK [2][]{subsection.3.4}{\376\377\000T\000r\000a\000i\000n\000i\000n\000g\000\040\000S\000t\000r\000a\000t\000e\000g\000i\000e\000s}{section.3}% 19
\BOOKMARK [3][]{subsubsection.3.4.1}{\376\377\000D\000y\000n\000a\000m\000i\000c\000\040\000N\000e\000g\000a\000t\000i\000v\000e\000\040\000S\000a\000m\000p\000l\000i\000n\000g}{subsection.3.4}% 20
\BOOKMARK [3][]{subsubsection.3.4.2}{\376\377\000S\000e\000l\000e\000c\000t\000i\000v\000e\000\040\000L\000a\000y\000e\000r\000\040\000F\000r\000e\000e\000z\000i\000n\000g}{subsection.3.4}% 21
\BOOKMARK [3][]{subsubsection.3.4.3}{\376\377\000R\000e\000g\000u\000l\000a\000r\000i\000z\000a\000t\000i\000o\000n\000\040\000T\000e\000c\000h\000n\000i\000q\000u\000e\000s}{subsection.3.4}% 22
\BOOKMARK [2][]{subsection.3.5}{\376\377\000O\000p\000t\000i\000m\000i\000z\000a\000t\000i\000o\000n}{section.3}% 23
\BOOKMARK [1][]{section.4}{\376\377\000E\000x\000p\000e\000r\000i\000m\000e\000n\000t\000a\000l\000\040\000S\000e\000t\000u\000p}{}% 24
\BOOKMARK [2][]{subsection.4.1}{\376\377\000D\000a\000t\000a\000s\000e\000t\000s}{section.4}% 25
\BOOKMARK [2][]{subsection.4.2}{\376\377\000D\000a\000t\000a\000\040\000P\000r\000e\000p\000r\000o\000c\000e\000s\000s\000i\000n\000g}{section.4}% 26
\BOOKMARK [2][]{subsection.4.3}{\376\377\000D\000a\000t\000a\000s\000e\000t\000\040\000S\000t\000a\000t\000i\000s\000t\000i\000c\000s\000\040\000A\000n\000a\000l\000y\000s\000i\000s}{section.4}% 27
\BOOKMARK [2][]{subsection.4.4}{\376\377\000E\000x\000p\000e\000r\000i\000m\000e\000n\000t\000a\000l\000\040\000P\000r\000o\000t\000o\000c\000o\000l}{section.4}% 28
\BOOKMARK [3][]{subsubsection.4.4.1}{\376\377\000T\000r\000a\000i\000n\000/\000V\000a\000l\000i\000d\000a\000t\000i\000o\000n\000/\000T\000e\000s\000t\000\040\000S\000p\000l\000i\000t\000t\000i\000n\000g\000\040\000a\000n\000d\000\040\000D\000a\000t\000a\000s\000e\000t\000\040\000P\000a\000i\000r\000i\000n\000g\000s}{subsection.4.4}% 29
\BOOKMARK [3][]{subsubsection.4.4.2}{\376\377\000H\000y\000p\000e\000r\000p\000a\000r\000a\000m\000e\000t\000e\000r\000s}{subsection.4.4}% 30
\BOOKMARK [1][]{section.5}{\376\377\000R\000e\000s\000u\000l\000t\000s}{}% 31
\BOOKMARK [2][]{subsection.5.1}{\376\377\000E\000v\000a\000l\000u\000a\000t\000i\000o\000n\000\040\000p\000r\000o\000t\000o\000c\000o\000l}{section.5}% 32
\BOOKMARK [2][]{subsection.5.2}{\376\377\000S\000a\000m\000e\000-\000d\000a\000t\000a\000s\000e\000t\000\040\000p\000e\000r\000f\000o\000r\000m\000a\000n\000c\000e}{section.5}% 33
\BOOKMARK [2][]{subsection.5.3}{\376\377\000C\000r\000o\000s\000s\000-\000d\000a\000t\000a\000s\000e\000t\000\040\000g\000e\000n\000e\000r\000a\000l\000i\000z\000a\000t\000i\000o\000n}{section.5}% 34
\BOOKMARK [2][]{subsection.5.4}{\376\377\000F\000i\000x\000e\000d\000\040\000o\000p\000e\000r\000a\000t\000i\000n\000g\000\040\000p\000o\000i\000n\000t\000s\000\040\000\050\000F\000A\000R\000/\000F\000R\000R\000\040\000t\000r\000a\000d\000e\000-\000o\000f\000f\000\051}{section.5}% 35
\BOOKMARK [2][]{subsection.5.5}{\376\377\000P\000e\000r\000-\000b\000a\000c\000k\000b\000o\000n\000e\000\040\000a\000n\000a\000l\000y\000s\000i\000s}{section.5}% 36
\BOOKMARK [2][]{subsection.5.6}{\376\377\000P\000a\000i\000r\000e\000d\000\040\000a\000n\000a\000l\000y\000s\000i\000s\000\040\000o\000f\000\040\000l\000o\000s\000s\000-\000f\000u\000n\000c\000t\000i\000o\000n\000\040\000p\000e\000r\000f\000o\000r\000m\000a\000n\000c\000e}{section.5}% 37
\BOOKMARK [2][]{subsection.5.7}{\376\377\000H\000i\000g\000h\000-\000p\000r\000e\000c\000i\000s\000i\000o\000n\000\040\000v\000a\000l\000i\000d\000a\000t\000i\000o\000n\000\040\000w\000i\000t\000h\000\040\000a\000n\000\040\000e\000x\000h\000a\000u\000s\000t\000i\000v\000e\000\040\000i\000m\000p\000o\000s\000t\000o\000r\000\040\000p\000o\000o\000l}{section.5}% 38
\BOOKMARK [2][]{subsection.5.8}{\376\377\000B\000e\000s\000t\000-\000m\000o\000d\000e\000l\000\040\000s\000u\000m\000m\000a\000r\000y}{section.5}% 39
\BOOKMARK [2][]{subsection.5.9}{\376\377\000S\000c\000o\000r\000e\000\040\000d\000i\000s\000t\000r\000i\000b\000u\000t\000i\000o\000n\000s\000\040\000a\000n\000d\000\040\000t\000h\000e\000\040\000G\000a\000u\000s\000s\000i\000a\000n\000i\000t\000y\000\040\000a\000s\000s\000u\000m\000p\000t\000i\000o\000n}{section.5}% 40
\BOOKMARK [2][]{subsection.5.10}{\376\377\000F\000a\000i\000l\000u\000r\000e\000-\000c\000a\000s\000e\000\040\000a\000n\000a\000l\000y\000s\000i\000s}{section.5}% 41
\BOOKMARK [2][]{subsection.5.11}{\376\377\000C\000o\000m\000p\000a\000r\000i\000s\000o\000n\000\040\000w\000i\000t\000h\000\040\000p\000r\000i\000o\000r\000\040\000w\000o\000r\000k}{section.5}% 42
\BOOKMARK [1][]{section.6}{\376\377\000C\000o\000n\000c\000l\000u\000s\000i\000o\000n}{}% 43
\BOOKMARK [2][]{subsection.6.1}{\376\377\000F\000u\000t\000u\000r\000e\000\040\000D\000i\000r\000e\000c\000t\000i\000o\000n\000s}{section.6}% 44
\BOOKMARK [2][]{subsection.6.2}{\376\377\000L\000i\000m\000i\000t\000a\000t\000i\000o\000n\000s\000\040\000a\000n\000d\000\040\000C\000o\000n\000f\000o\000u\000n\000d\000i\000n\000g\000\040\000F\000a\000c\000t\000o\000r\000s}{section.6}% 45
\BOOKMARK [3][]{section*.4}{\376\377\000A\000c\000k\000n\000o\000w\000l\000e\000d\000g\000e\000m\000e\000n\000t\000s}{subsection.6.2}% 46
\BOOKMARK [4][]{section*.6}{\376\377\000F\000u\000n\000d\000i\000n\000g}{section*.4}% 47
\BOOKMARK [5][]{section*.7}{\376\377\000C\000o\000n\000f\000l\000i\000c\000t\000\040\000o\000f\000\040\000i\000n\000t\000e\000r\000e\000s\000t}{section*.6}% 48
\BOOKMARK [5][]{section*.8}{\376\377\000E\000t\000h\000i\000c\000s\000\040\000a\000p\000p\000r\000o\000v\000a\000l}{section*.6}% 49
\BOOKMARK [5][]{section*.9}{\376\377\000D\000a\000t\000a\000\040\000a\000v\000a\000i\000l\000a\000b\000i\000l\000i\000t\000y}{section*.6}% 50
\BOOKMARK [5][]{section*.10}{\376\377\000C\000o\000d\000e\000\040\000a\000v\000a\000i\000l\000a\000b\000i\000l\000i\000t\000y}{section*.6}% 51
\BOOKMARK [5][]{section*.11}{\376\377\000A\000u\000t\000h\000o\000r\000\040\000c\000o\000n\000t\000r\000i\000b\000u\000t\000i\000o\000n\000s}{section*.6}% 52
\BOOKMARK [1][]{appendix.a.A}{\376\377\000I\000m\000p\000l\000e\000m\000e\000n\000t\000a\000t\000i\000o\000n\000\040\000D\000e\000t\000a\000i\000l\000s}{}% 53
\BOOKMARK [2][]{subsection.a.A.1}{\376\377\000P\000r\000e\000p\000r\000o\000c\000e\000s\000s\000i\000n\000g\000\040\000P\000i\000p\000e\000l\000i\000n\000e\000\040\000D\000e\000t\000a\000i\000l\000s}{appendix.a.A}% 54
\BOOKMARK [3][]{subsubsection.a.A.1.1}{\376\377\000B\000i\000n\000a\000r\000i\000z\000a\000t\000i\000o\000n\000\040\000a\000s\000\040\000a\000n\000\040\000A\000u\000x\000i\000l\000i\000a\000r\000y\000\040\000M\000a\000s\000k}{subsection.a.A.1}% 55
\BOOKMARK [3][]{subsubsection.a.A.1.2}{\376\377\000T\000i\000g\000h\000t\000\040\000C\000r\000o\000p\000p\000i\000n\000g}{subsection.a.A.1}% 56
\BOOKMARK [3][]{subsubsection.a.A.1.3}{\376\377\000A\000s\000p\000e\000c\000t\000-\000P\000r\000e\000s\000e\000r\000v\000i\000n\000g\000\040\000R\000e\000s\000i\000z\000e}{subsection.a.A.1}% 57
\BOOKMARK [3][]{subsubsection.a.A.1.4}{\376\377\000I\000A\000M\000\040\000D\000a\000t\000a\000s\000e\000t\000\040\000P\000r\000e\000p\000r\000o\000c\000e\000s\000s\000i\000n\000g}{subsection.a.A.1}% 58
\BOOKMARK [3][]{subsubsection.a.A.1.5}{\376\377\000R\000I\000M\000E\000S\000\040\000D\000a\000t\000a\000s\000e\000t\000\040\000P\000r\000e\000p\000r\000o\000c\000e\000s\000s\000i\000n\000g}{subsection.a.A.1}% 59
\BOOKMARK [2][]{subsection.a.A.2}{\376\377\000D\000a\000t\000a\000s\000e\000t\000\040\000S\000t\000a\000t\000i\000s\000t\000i\000c\000s\000:\000\040\000D\000i\000s\000t\000r\000i\000b\000u\000t\000i\000o\000n\000\040\000F\000i\000g\000u\000r\000e\000s}{appendix.a.A}% 60
\BOOKMARK [2][]{subsection.a.A.3}{\376\377\000H\000y\000p\000e\000r\000p\000a\000r\000a\000m\000e\000t\000e\000r\000\040\000C\000o\000n\000f\000i\000g\000u\000r\000a\000t\000i\000o\000n}{appendix.a.A}% 61
\BOOKMARK [2][]{subsection.a.A.4}{\376\377\000T\000r\000a\000i\000n\000i\000n\000g\000\040\000D\000y\000n\000a\000m\000i\000c\000s}{appendix.a.A}% 62
